python : D:\final project tr
ail1\venv\lib\site-packages\
google\api_core\_python_vers
ion_support.py:266: 
FutureWarning: You are 
using a Python version 
(3.10.11) which Google will 
stop supporting in new 
releases of google.api_core 
once it reaches its end of 
life (2026-10-04). Please 
upgrade to the latest 
Python version, or at least 
Python 3.11, to continue 
receiving updates for 
google.api_core past that 
date.
At line:1 char:1
+ python 
backend/test_gemini_1_5.py 
> backend/test_output.txt 
2>&1
+ ~~~~~~~~~~~~~~~~~~~~~~~~~~
~~~~~~~~~~~~~~~~~~~~~~~~~~~~
~~~~~~~~~~
    + CategoryInfo          
    : NotSpecified: (D:\fi  
  nal projec...past that    
 date.:String) [], Remot    
eException
    + FullyQualifiedErrorId 
    : NativeCommandError
 
  warnings.warn(message, 
FutureWarning)
D:\final project trail1\back
end\test_gemini_1_5.py:2: 
FutureWarning: 

All support for the 
`google.generativeai` 
package has ended. It will 
no longer be receiving 
updates or bug fixes. 
Please switch to the 
`google.genai` package as 
soon as possible.
See README for more details:

https://github.com/google-ge
mini/deprecated-generative-a
i-python/blob/main/README.md

  import 
google.generativeai as genai
Key loaded: AIza...

--- Test 1: google-generativeai (gemini-1.5-flash) ---
Failed: 404 models/gemini-1.5-flash is not found for API version v1beta, or is not supported for generateContent. Call ListModels to see the list of available models and their supported methods.

--- Test 2: LangChain (gemini-1.5-flash) ---
Failed: Error calling model 'gemini-1.5-flash' (NOT_FOUND): 404 NOT_FOUND. {'error': {'code': 404, 'message': 'models/gemini-1.5-flash is not found for API version v1beta, or is not supported for generateContent. Call ListModels to see the list of available models and their supported methods.', 'status': 'NOT_FOUND'}}
